// Jest Snapshot v1, https://goo.gl/fbAQLP

exports[`Group should render content correctly 1`] = `<router-view-stub></router-view-stub>`;
