// Jest Snapshot v1, https://goo.gl/fbAQLP

exports[`AppIcon should render content correctly 1`] = `<span class="app-icon material-icons" style="color: black;">vue</span>`;
